 TransitiveKNN_part2_mex

 Timestamp is 54aa71a1 (Mon Jan 05 13:12:33 2015)

 Preferred load address is 0000000180000000

 Start         Length     Name                   Class
 0001:00000000 0001897cH .text                   CODE
 0001:00018980 0000007bH .text$x                 CODE
 0002:00000000 000002a8H .idata$5                DATA
 0002:000002a8 00000008H .CRT$XCA                DATA
 0002:000002b0 00000008H .CRT$XCZ                DATA
 0002:000002b8 00000008H .CRT$XIA                DATA
 0002:000002c0 00000008H .CRT$XIAA               DATA
 0002:000002c8 00000008H .CRT$XIC                DATA
 0002:000002d0 00000008H .CRT$XIZ                DATA
 0002:000002e0 00001d60H .rdata                  DATA
 0002:00002040 00000008H .rtc$IAA                DATA
 0002:00002048 00000008H .rtc$IZZ                DATA
 0002:00002050 00000008H .rtc$TAA                DATA
 0002:00002058 00000008H .rtc$TZZ                DATA
 0002:00002060 0000030cH .xdata                  DATA
 0002:0000236c 00000078H .idata$2                DATA
 0002:000023e4 00000014H .idata$3                DATA
 0002:000023f8 000002a8H .idata$4                DATA
 0002:000026a0 0000076cH .idata$6                DATA
 0002:00002e10 00000111H .edata                  DATA
 0003:00000000 000011d8H .data                   DATA
 0003:000011e0 000005d0H .bss                    DATA
 0004:00000000 00000264H .pdata                  DATA

  Address         Publics by Value              Rva+Base               Lib:Object

 0000:00000000       ___safe_se_handler_table   0000000000000000     <absolute>
 0000:00000000       ___safe_se_handler_count   0000000000000000     <absolute>
 0000:00000000       __ImageBase                0000000180000000     <linker-defined>
 0001:00000000       TransitiveKNN_part2        0000000180001000 f   TransitiveKNN_part2.obj
 0001:00004000       TransitiveKNN_part2_api    0000000180005000 f   TransitiveKNN_part2.obj
 0001:00004860       TransitiveKNN_part2_atexit 0000000180005860 f   TransitiveKNN_part2.obj
 0001:000048c0       TransitiveKNN_part2_initialize 00000001800058c0 f   TransitiveKNN_part2.obj
 0001:00004930       TransitiveKNN_part2_terminate 0000000180005930 f   TransitiveKNN_part2.obj
 0001:000060a0       TransitiveKNN_part2_atexit_wrapper 00000001800070a0 f   TransitiveKNN_part2_mex.obj
 0001:00006220       mexFunction                0000000180007220 f   TransitiveKNN_part2_mex.obj
 0001:0000dd10       emlrtMexFcnProperties      000000018000ed10 f   _coder_TransitiveKNN_part2_info.obj
 0001:00017eb0       mxGetData                  0000000180018eb0 f   libmx:libmx.dll
 0001:00017eb6       mxSetData                  0000000180018eb6 f   libmx:libmx.dll
 0001:00017ebc       mxCreateString             0000000180018ebc f   libmx:libmx.dll
 0001:00017ec2       mxSetDimensions_700        0000000180018ec2 f   libmx:libmx.dll
 0001:00017ec8       mxCreateCharArray_700      0000000180018ec8 f   libmx:libmx.dll
 0001:00017ece       mxCreateNumericArray_700   0000000180018ece f   libmx:libmx.dll
 0001:00017ed4       mxCreateDoubleScalar       0000000180018ed4 f   libmx:libmx.dll
 0001:00017eda       mxSetFieldByNumber_700     0000000180018eda f   libmx:libmx.dll
 0001:00017ee0       mxCreateStructMatrix_700   0000000180018ee0 f   libmx:libmx.dll
 0001:00017ee6       mxCreateNumericMatrix_700  0000000180018ee6 f   libmx:libmx.dll
 0001:00017eec       mxCreateLogicalMatrix_700  0000000180018eec f   libmx:libmx.dll
 0001:00017ef2       mexAtExit                  0000000180018ef2 f   libmex:libmex.dll
 0001:00017ef8       emlrtFirstTimeR2012b       0000000180018ef8 f   libemlrt:libemlrt.dll
 0001:00017efe       emlrtAlias                 0000000180018efe f   libemlrt:libemlrt.dll
 0001:00017f04       emlrtAliasP                0000000180018f04 f   libemlrt:libemlrt.dll
 0001:00017f0a       emlrtClearAllocCountR2012b 0000000180018f0a f   libemlrt:libemlrt.dll
 0001:00017f10       emlrtAssign                0000000180018f10 f   libemlrt:libemlrt.dll
 0001:00017f16       emlrtDynamicBoundsCheckR2012b 0000000180018f16 f   libemlrt:libemlrt.dll
 0001:00017f1c       emlrtSizeMulR2012b         0000000180018f1c f   libemlrt:libemlrt.dll
 0001:00017f22       emlrtDestroyArray          0000000180018f22 f   libemlrt:libemlrt.dll
 0001:00017f28       emlrtIntegerCheckR2012b    0000000180018f28 f   libemlrt:libemlrt.dll
 0001:00017f2e       emlrtNonNegativeCheckR2012b 0000000180018f2e f   libemlrt:libemlrt.dll
 0001:00017f34       emlrtForLoopVectorCheckR2012b 0000000180018f34 f   libemlrt:libemlrt.dll
 0001:00017f3a       emlrtCallMATLABR2012b      0000000180018f3a f   libemlrt:libemlrt.dll
 0001:00017f40       emlrtMallocMex             0000000180018f40 f   libemlrt:libemlrt.dll
 0001:00017f46       emlrtCallocMex             0000000180018f46 f   libemlrt:libemlrt.dll
 0001:00017f4c       emlrtFreeMex               0000000180018f4c f   libemlrt:libemlrt.dll
 0001:00017f52       emlrtHeapReferenceStackEnterFcnR2012b 0000000180018f52 f   libemlrt:libemlrt.dll
 0001:00017f58       emlrtHeapReferenceStackLeaveFcnR2012b 0000000180018f58 f   libemlrt:libemlrt.dll
 0001:00017f5e       emlrtPushHeapReferenceStackR2012b 0000000180018f5e f   libemlrt:libemlrt.dll
 0001:00017f64       emlrtInitCharArrayR2013a   0000000180018f64 f   libemlrt:libemlrt.dll
 0001:00017f6a       emlrtDivisionByZeroErrorR2012b 0000000180018f6a f   libemlrt:libemlrt.dll
 0001:00017f70       emlrtHeapAllocationErrorR2012b 0000000180018f70 f   libemlrt:libemlrt.dll
 0001:00017f76       emlrtEnterRtStackR2012b    0000000180018f76 f   libemlrt:libemlrt.dll
 0001:00017f7c       emlrtLeaveRtStackR2012b    0000000180018f7c f   libemlrt:libemlrt.dll
 0001:00017f82       emlrtGetBreakCheckFlagAddressR2012b 0000000180018f82 f   libemlrt:libemlrt.dll
 0001:00017f88       emlrtBreakCheckR2012b      0000000180018f88 f   libemlrt:libemlrt.dll
 0001:00017f8e       emlrtSizeEqCheck1DR2012b   0000000180018f8e f   libemlrt:libemlrt.dll
 0001:00017f94       emlrtSubAssignSizeCheckR2012b 0000000180018f94 f   libemlrt:libemlrt.dll
 0001:00017f9a       emlrtVectorVectorIndexCheckR2012b 0000000180018f9a f   libemlrt:libemlrt.dll
 0001:00017fa0       emlrtCreateRootTLS         0000000180018fa0 f   libemlrt:libemlrt.dll
 0001:00017fa6       emlrtDestroyRootTLS        0000000180018fa6 f   libemlrt:libemlrt.dll
 0001:00017fac       emlrtCheckBuiltInR2012b    0000000180018fac f   libemlrt:libemlrt.dll
 0001:00017fb2       emlrtCheckVsBuiltInR2012b  0000000180018fb2 f   libemlrt:libemlrt.dll
 0001:00017fb8       emlrtReturnArrayR2009a     0000000180018fb8 f   libemlrt:libemlrt.dll
 0001:00017fbe       emlrtErrMsgIdAndTxt        0000000180018fbe f   libemlrt:libemlrt.dll
 0001:00017fc4       emlrtAddField              0000000180018fc4 f   libemlrt:libemlrt.dll
 0001:00017fca       emlrtCreateCellArray       0000000180018fca f   libemlrt:libemlrt.dll
 0001:00017fd0       emlrtNameCapturePostProcessR2013b 0000000180018fd0 f   libemlrt:libemlrt.dll
 0001:00017fd6       muDoubleScalarMin          0000000180018fd6 f   libmwmathutil:libmwmathutil.dll
 0001:00017fdc       muIntScalarMin_sint32      0000000180018fdc f   libmwmathutil:libmwmathutil.dll
 0001:00017fe2       muDoubleScalarIsNaN        0000000180018fe2 f   libmwmathutil:libmwmathutil.dll
 0001:00017fe8       __GSHandlerCheck           0000000180018fe8 f   MSVCRT:gshandler.obj
 0001:00018008       __GSHandlerCheckCommon     0000000180019008 f   MSVCRT:gshandler.obj
 0001:00018080       __security_check_cookie    0000000180019080 f   MSVCRT:amdsecgs.obj
 0001:000180a0       memcpy                     00000001800190a0 f   MSVCRT:MSVCR110.dll
 0001:00018108       _CRT_INIT                  0000000180019108 f   MSVCRT:crtdll.obj
 0001:00018354       _DllMainCRTStartup         0000000180019354 f   MSVCRT:crtdll.obj
 0001:000184cc       __raise_securityfailure    00000001800194cc f   MSVCRT:gs_report.obj
 0001:00018518       __report_gsfailure         0000000180019518 f   MSVCRT:gs_report.obj
 0001:000185ea       __CppXcptFilter            00000001800195ea f   MSVCRT:MSVCR110.dll
 0001:000185f0       _amsg_exit                 00000001800195f0 f   MSVCRT:MSVCR110.dll
 0001:00018600       _FindPESection             0000000180019600 f   MSVCRT:pesect.obj
 0001:00018650       _IsNonwritableInCurrentImage 0000000180019650 f   MSVCRT:pesect.obj
 0001:000186a0       _ValidateImageBase         00000001800196a0 f   MSVCRT:pesect.obj
 0001:000186d0       __atonexitinit             00000001800196d0 f   MSVCRT:atonexit.obj
 0001:00018720       _onexit                    0000000180019720 f   MSVCRT:atonexit.obj
 0001:000187d0       atexit                     00000001800197d0 f   MSVCRT:atonexit.obj
 0001:000187e8       __security_init_cookie     00000001800197e8 f   MSVCRT:gs_support.obj
 0001:00018894       DllMain                    0000000180019894 f   MSVCRT:dllmain.obj
 0001:000188b8       _RTC_Initialize            00000001800198b8 f   MSVCRT:initsect.obj
 0001:000188f0       _RTC_Terminate             00000001800198f0 f   MSVCRT:initsect.obj
 0001:00018928       _initterm                  0000000180019928 f   MSVCRT:MSVCR110.dll
 0001:0001892e       _initterm_e                000000018001992e f   MSVCRT:MSVCR110.dll
 0001:00018934       __clean_type_info_names    0000000180019934 f   MSVCRT:tncleanup.obj
 0001:00018940       __C_specific_handler       0000000180019940 f   MSVCRT:MSVCR110.dll
 0001:00018946       __crt_debugger_hook        0000000180019946 f   MSVCRT:MSVCR110.dll
 0001:0001894c       __crtUnhandledException    000000018001994c f   MSVCRT:MSVCR110.dll
 0001:00018952       __crtTerminateProcess      0000000180019952 f   MSVCRT:MSVCR110.dll
 0001:00018958       __crtCapturePreviousContext 0000000180019958 f   MSVCRT:MSVCR110.dll
 0001:0001895e       _lock                      000000018001995e f   MSVCRT:MSVCR110.dll
 0001:00018964       _unlock                    0000000180019964 f   MSVCRT:MSVCR110.dll
 0001:0001896a       __dllonexit                000000018001996a f   MSVCRT:MSVCR110.dll
 0001:00018970       __clean_type_info_names_internal 0000000180019970 f   MSVCRT:MSVCR110.dll
 0001:00018976       IsProcessorFeaturePresent  0000000180019976 f   kernel32:KERNEL32.dll
 0002:00000000       __imp_DisableThreadLibraryCalls 000000018001a000     kernel32:KERNEL32.dll
 0002:00000008       __imp_GetSystemTimeAsFileTime 000000018001a008     kernel32:KERNEL32.dll
 0002:00000010       __imp_GetCurrentThreadId   000000018001a010     kernel32:KERNEL32.dll
 0002:00000018       __imp_GetCurrentProcessId  000000018001a018     kernel32:KERNEL32.dll
 0002:00000020       __imp_QueryPerformanceCounter 000000018001a020     kernel32:KERNEL32.dll
 0002:00000028       __imp_IsProcessorFeaturePresent 000000018001a028     kernel32:KERNEL32.dll
 0002:00000030       __imp_IsDebuggerPresent    000000018001a030     kernel32:KERNEL32.dll
 0002:00000038       __imp_DecodePointer        000000018001a038     kernel32:KERNEL32.dll
 0002:00000040       __imp_EncodePointer        000000018001a040     kernel32:KERNEL32.dll
 0002:00000048       \177KERNEL32_NULL_THUNK_DATA 000000018001a048     kernel32:KERNEL32.dll
 0002:00000050       __imp___clean_type_info_names_internal 000000018001a050     MSVCRT:MSVCR110.dll
 0002:00000058       __imp__onexit              000000018001a058     MSVCRT:MSVCR110.dll
 0002:00000060       __imp___dllonexit          000000018001a060     MSVCRT:MSVCR110.dll
 0002:00000068       __imp__calloc_crt          000000018001a068     MSVCRT:MSVCR110.dll
 0002:00000070       __imp___crtTerminateProcess 000000018001a070     MSVCRT:MSVCR110.dll
 0002:00000078       __imp___crtUnhandledException 000000018001a078     MSVCRT:MSVCR110.dll
 0002:00000080       __imp___crt_debugger_hook  000000018001a080     MSVCRT:MSVCR110.dll
 0002:00000088       __imp___C_specific_handler 000000018001a088     MSVCRT:MSVCR110.dll
 0002:00000090       __imp__initterm_e          000000018001a090     MSVCRT:MSVCR110.dll
 0002:00000098       __imp__initterm            000000018001a098     MSVCRT:MSVCR110.dll
 0002:000000a0       __imp__malloc_crt          000000018001a0a0     MSVCRT:MSVCR110.dll
 0002:000000a8       __imp_free                 000000018001a0a8     MSVCRT:MSVCR110.dll
 0002:000000b0       __imp__amsg_exit           000000018001a0b0     MSVCRT:MSVCR110.dll
 0002:000000b8       __imp___CppXcptFilter      000000018001a0b8     MSVCRT:MSVCR110.dll
 0002:000000c0       __imp_memcpy               000000018001a0c0     MSVCRT:MSVCR110.dll
 0002:000000c8       __imp___crtCapturePreviousContext 000000018001a0c8     MSVCRT:MSVCR110.dll
 0002:000000d0       __imp__lock                000000018001a0d0     MSVCRT:MSVCR110.dll
 0002:000000d8       __imp__unlock              000000018001a0d8     MSVCRT:MSVCR110.dll
 0002:000000e0       \177MSVCR110_NULL_THUNK_DATA 000000018001a0e0     MSVCRT:MSVCR110.dll
 0002:000000e8       __imp_emlrtHeapReferenceStackLeaveFcnR2012b 000000018001a0e8     libemlrt:libemlrt.dll
 0002:000000f0       __imp_emlrtPushHeapReferenceStackR2012b 000000018001a0f0     libemlrt:libemlrt.dll
 0002:000000f8       __imp_emlrtInitCharArrayR2013a 000000018001a0f8     libemlrt:libemlrt.dll
 0002:00000100       __imp_emlrtDivisionByZeroErrorR2012b 000000018001a100     libemlrt:libemlrt.dll
 0002:00000108       __imp_emlrtHeapReferenceStackEnterFcnR2012b 000000018001a108     libemlrt:libemlrt.dll
 0002:00000110       __imp_emlrtEnterRtStackR2012b 000000018001a110     libemlrt:libemlrt.dll
 0002:00000118       __imp_emlrtLeaveRtStackR2012b 000000018001a118     libemlrt:libemlrt.dll
 0002:00000120       __imp_emlrtGetBreakCheckFlagAddressR2012b 000000018001a120     libemlrt:libemlrt.dll
 0002:00000128       __imp_emlrtBreakCheckR2012b 000000018001a128     libemlrt:libemlrt.dll
 0002:00000130       __imp_emlrtSizeEqCheck1DR2012b 000000018001a130     libemlrt:libemlrt.dll
 0002:00000138       __imp_emlrtSubAssignSizeCheckR2012b 000000018001a138     libemlrt:libemlrt.dll
 0002:00000140       __imp_emlrtVectorVectorIndexCheckR2012b 000000018001a140     libemlrt:libemlrt.dll
 0002:00000148       __imp_emlrtCreateRootTLS   000000018001a148     libemlrt:libemlrt.dll
 0002:00000150       __imp_emlrtDestroyRootTLS  000000018001a150     libemlrt:libemlrt.dll
 0002:00000158       __imp_emlrtCheckBuiltInR2012b 000000018001a158     libemlrt:libemlrt.dll
 0002:00000160       __imp_emlrtCheckVsBuiltInR2012b 000000018001a160     libemlrt:libemlrt.dll
 0002:00000168       __imp_emlrtReturnArrayR2009a 000000018001a168     libemlrt:libemlrt.dll
 0002:00000170       __imp_emlrtErrMsgIdAndTxt  000000018001a170     libemlrt:libemlrt.dll
 0002:00000178       __imp_emlrtAddField        000000018001a178     libemlrt:libemlrt.dll
 0002:00000180       __imp_emlrtCreateCellArray 000000018001a180     libemlrt:libemlrt.dll
 0002:00000188       __imp_emlrtNameCapturePostProcessR2013b 000000018001a188     libemlrt:libemlrt.dll
 0002:00000190       __imp_emlrtFreeMex         000000018001a190     libemlrt:libemlrt.dll
 0002:00000198       __imp_emlrtCallocMex       000000018001a198     libemlrt:libemlrt.dll
 0002:000001a0       __imp_emlrtMallocMex       000000018001a1a0     libemlrt:libemlrt.dll
 0002:000001a8       __imp_emlrtCallMATLABR2012b 000000018001a1a8     libemlrt:libemlrt.dll
 0002:000001b0       __imp_emlrtForLoopVectorCheckR2012b 000000018001a1b0     libemlrt:libemlrt.dll
 0002:000001b8       __imp_emlrtNonNegativeCheckR2012b 000000018001a1b8     libemlrt:libemlrt.dll
 0002:000001c0       __imp_emlrtIntegerCheckR2012b 000000018001a1c0     libemlrt:libemlrt.dll
 0002:000001c8       __imp_emlrtDestroyArray    000000018001a1c8     libemlrt:libemlrt.dll
 0002:000001d0       __imp_emlrtSizeMulR2012b   000000018001a1d0     libemlrt:libemlrt.dll
 0002:000001d8       __imp_emlrtDynamicBoundsCheckR2012b 000000018001a1d8     libemlrt:libemlrt.dll
 0002:000001e0       __imp_emlrtAssign          000000018001a1e0     libemlrt:libemlrt.dll
 0002:000001e8       __imp_emlrtClearAllocCountR2012b 000000018001a1e8     libemlrt:libemlrt.dll
 0002:000001f0       __imp_emlrtAliasP          000000018001a1f0     libemlrt:libemlrt.dll
 0002:000001f8       __imp_emlrtAlias           000000018001a1f8     libemlrt:libemlrt.dll
 0002:00000200       __imp_emlrtFirstTimeR2012b 000000018001a200     libemlrt:libemlrt.dll
 0002:00000208       __imp_emlrtHeapAllocationErrorR2012b 000000018001a208     libemlrt:libemlrt.dll
 0002:00000210       \177libemlrt_NULL_THUNK_DATA 000000018001a210     libemlrt:libemlrt.dll
 0002:00000218       __imp_mexAtExit            000000018001a218     libmex:libmex.dll
 0002:00000220       \177libmex_NULL_THUNK_DATA 000000018001a220     libmex:libmex.dll
 0002:00000228       __imp_muDoubleScalarMin    000000018001a228     libmwmathutil:libmwmathutil.dll
 0002:00000230       __imp_muIntScalarMin_sint32 000000018001a230     libmwmathutil:libmwmathutil.dll
 0002:00000238       __imp_muDoubleScalarIsNaN  000000018001a238     libmwmathutil:libmwmathutil.dll
 0002:00000240       \177libmwmathutil_NULL_THUNK_DATA 000000018001a240     libmwmathutil:libmwmathutil.dll
 0002:00000248       __imp_mxCreateLogicalMatrix_700 000000018001a248     libmx:libmx.dll
 0002:00000250       __imp_mxCreateNumericMatrix_700 000000018001a250     libmx:libmx.dll
 0002:00000258       __imp_mxCreateStructMatrix_700 000000018001a258     libmx:libmx.dll
 0002:00000260       __imp_mxSetFieldByNumber_700 000000018001a260     libmx:libmx.dll
 0002:00000268       __imp_mxCreateDoubleScalar 000000018001a268     libmx:libmx.dll
 0002:00000270       __imp_mxCreateNumericArray_700 000000018001a270     libmx:libmx.dll
 0002:00000278       __imp_mxCreateCharArray_700 000000018001a278     libmx:libmx.dll
 0002:00000280       __imp_mxSetDimensions_700  000000018001a280     libmx:libmx.dll
 0002:00000288       __imp_mxCreateString       000000018001a288     libmx:libmx.dll
 0002:00000290       __imp_mxSetData            000000018001a290     libmx:libmx.dll
 0002:00000298       __imp_mxGetData            000000018001a298     libmx:libmx.dll
 0002:000002a0       \177libmx_NULL_THUNK_DATA  000000018001a2a0     libmx:libmx.dll
 0002:000002a8       __xc_a                     000000018001a2a8     MSVCRT:cinitexe.obj
 0002:000002b0       __xc_z                     000000018001a2b0     MSVCRT:cinitexe.obj
 0002:000002b8       __xi_a                     000000018001a2b8     MSVCRT:cinitexe.obj
 0002:000002d0       __xi_z                     000000018001a2d0     MSVCRT:cinitexe.obj
 0002:000003c0       ??_C@_0BE@EGCGJHIC@TransitiveKNN_part2?$AA@ 000000018001a3c0     TransitiveKNN_part2.obj
 0002:000003e0       ??_C@_0EF@GPJDDIKB@C?3?1Users?1admin?1Downloads?1CSH_cod@ 000000018001a3e0     TransitiveKNN_part2.obj
 0002:00000428       ??_C@_07LFDEHMGA@squeeze?$AA@ 000000018001a428     TransitiveKNN_part2.obj
 0002:00000430       ??_C@_0EG@ODOJAEDJ@C?3?1Program?5Files?1MATLAB?1R2013b?1t@ 000000018001a430     TransitiveKNN_part2.obj
 0002:00000478       ??_C@_0BP@OEONONCM@eml_int_forloop_overflow_check?$AA@ 000000018001a478     TransitiveKNN_part2.obj
 0002:000004a0       ??_C@_0FL@PNANHJII@C?3?1Program?5Files?1MATLAB?1R2013b?1t@ 000000018001a4a0     TransitiveKNN_part2.obj
 0002:000004fc       ??_C@_04PIMMHFGE@sort?$AA@ 000000018001a4fc     TransitiveKNN_part2.obj
 0002:00000510       ??_C@_0EF@JGNPEKKP@C?3?1Program?5Files?1MATLAB?1R2013b?1t@ 000000018001a510     TransitiveKNN_part2.obj
 0002:00000558       ??_C@_08DEDDHLOF@eml_sort?$AA@ 000000018001a558     TransitiveKNN_part2.obj
 0002:00000570       ??_C@_0EF@BNLKAPDI@C?3?1Program?5Files?1MATLAB?1R2013b?1t@ 000000018001a570     TransitiveKNN_part2.obj
 0002:000005b8       ??_C@_0BF@ILCPNKP@eml_assert_valid_dim?$AA@ 000000018001a5b8     TransitiveKNN_part2.obj
 0002:000005d0       ??_C@_0FB@DODAJKKN@C?3?1Program?5Files?1MATLAB?1R2013b?1t@ 000000018001a5d0     TransitiveKNN_part2.obj
 0002:00000628       ??_C@_0BD@PIJOPFN@eml_matrix_vstride?$AA@ 000000018001a628     TransitiveKNN_part2.obj
 0002:00000640       ??_C@_0EP@DKMLLEAM@C?3?1Program?5Files?1MATLAB?1R2013b?1t@ 000000018001a640     TransitiveKNN_part2.obj
 0002:00000690       ??_C@_08FAALJPNL@prodsize?$AA@ 000000018001a690     TransitiveKNN_part2.obj
 0002:000006a0       ??_C@_0FG@INCAPKFH@C?3?1Program?5Files?1MATLAB?1R2013b?1t@ 000000018001a6a0     TransitiveKNN_part2.obj
 0002:000006f8       ??_C@_0N@DIIPNHKP@eml_sort_idx?$AA@ 000000018001a6f8     TransitiveKNN_part2.obj
 0002:00000710       ??_C@_0EJ@LCNIADOP@C?3?1Program?5Files?1MATLAB?1R2013b?1t@ 000000018001a710     TransitiveKNN_part2.obj
 0002:00000760       ??_C@_0M@BGBLGBAG@eml_sort_le?$AA@ 000000018001a760     TransitiveKNN_part2.obj
 0002:00000770       ??_C@_0EI@JFDCHMIN@C?3?1Program?5Files?1MATLAB?1R2013b?1t@ 000000018001a770     TransitiveKNN_part2.obj
 0002:000007b8       ??_C@_04GMLMBKFF@diff?$AA@ 000000018001a7b8     TransitiveKNN_part2.obj
 0002:000007c0       ??_C@_0EF@INIPKFKE@C?3?1Program?5Files?1MATLAB?1R2013b?1t@ 000000018001a7c0     TransitiveKNN_part2.obj
 0002:00000808       ??_C@_03KLIPLJLL@min?$AA@  000000018001a808     TransitiveKNN_part2.obj
 0002:00000810       ??_C@_0EE@PDMNPFGD@C?3?1Program?5Files?1MATLAB?1R2013b?1t@ 000000018001a810     TransitiveKNN_part2.obj
 0002:00000858       ??_C@_0P@PAOJKEOI@eml_min_or_max?$AA@ 000000018001a858     TransitiveKNN_part2.obj
 0002:00000870       ??_C@_0EL@FLBJDEPK@C?3?1Program?5Files?1MATLAB?1R2013b?1t@ 000000018001a870     TransitiveKNN_part2.obj
 0002:000008bc       ??_C@_04CKFJHKAP@find?$AA@ 000000018001a8bc     TransitiveKNN_part2.obj
 0002:000008d0       ??_C@_0ED@GDDPAFDG@C?3?1Program?5Files?1MATLAB?1R2013b?1t@ 000000018001a8d0     TransitiveKNN_part2.obj
 0002:00000918       ??_C@_07LKAPKGPI@ind2sub?$AA@ 000000018001a918     TransitiveKNN_part2.obj
 0002:00000920       ??_C@_0EG@DMHHDANK@C?3?1Program?5Files?1MATLAB?1R2013b?1t@ 000000018001a920     TransitiveKNN_part2.obj
 0002:00000968       ??_C@_0P@JNIGDCNL@eml_index_prod?$AA@ 000000018001a968     TransitiveKNN_part2.obj
 0002:00000980       ??_C@_0EL@LGBOAKNE@C?3?1Program?5Files?1MATLAB?1R2013b?1t@ 000000018001a980     TransitiveKNN_part2.obj
 0002:000009d0       ??_C@_0O@LFDEJHKC@indexIntRelop?$AA@ 000000018001a9d0     TransitiveKNN_part2.obj
 0002:000009e0       ??_C@_0FL@DKOGMGJN@C?3?1Program?5Files?1MATLAB?1R2013b?1t@ 000000018001a9e0     TransitiveKNN_part2.obj
 0002:00000a40       ??_C@_07NPNIMCLC@permute?$AA@ 000000018001aa40     TransitiveKNN_part2.obj
 0002:00000a50       ??_C@_0EG@HMDOFHMD@C?3?1Program?5Files?1MATLAB?1R2013b?1t@ 000000018001aa50     TransitiveKNN_part2.obj
 0002:00000a98       ??_C@_0BD@NPIIJLKD@eml_is_permutation?$AA@ 000000018001aa98     TransitiveKNN_part2.obj
 0002:00000ab0       ??_C@_0EP@OHJMBNBL@C?3?1Program?5Files?1MATLAB?1R2013b?1t@ 000000018001aab0     TransitiveKNN_part2.obj
 0002:00000b00       ??_C@_03NFKEKGGK@all?$AA@  000000018001ab00     TransitiveKNN_part2.obj
 0002:00000b10       ??_C@_0EA@PLPOEMLM@C?3?1Program?5Files?1MATLAB?1R2013b?1t@ 000000018001ab10     TransitiveKNN_part2.obj
 0002:00000b50       ??_C@_0BI@DKHKMHIG@TransitiveKNN_part2_api?$AA@ 000000018001ab50     TransitiveKNN_part2.obj
 0002:00000b68       ??_C@_00CNPNBAHC@?$AA@     000000018001ab68     TransitiveKNN_part2.obj
 0002:00000b70       ??_C@_08ILAIOLHA@errorMat?$AA@ 000000018001ab70     TransitiveKNN_part2.obj
 0002:00000b80       ??_C@_0BA@BGDOCMDB@overSafeResults?$AA@ 000000018001ab80     TransitiveKNN_part2.obj
 0002:00000b90       ??_C@_08EBDDLJJ@uOSRinds?$AA@ 000000018001ab90     TransitiveKNN_part2.obj
 0002:00000ba0       ??_C@_0O@EBKHFFLD@uOSRFinalinds?$AA@ 000000018001aba0     TransitiveKNN_part2.obj
 0002:00000bb0       ??_C@_07EMBHPGMM@CSH_ann?$AA@ 000000018001abb0     TransitiveKNN_part2.obj
 0002:00000bb8       ??_C@_0N@FFCDMKNB@sortedErrors?$AA@ 000000018001abb8     TransitiveKNN_part2.obj
 0002:00000bc8       ??_C@_03PLLLMHLH@OSR?$AA@  000000018001abc8     TransitiveKNN_part2.obj
 0002:00000bd0       ??_C@_0BJ@JCBGCJAE@numUniqueResultsPerPixel?$AA@ 000000018001abd0     TransitiveKNN_part2.obj
 0002:00000bec       ??_C@_04KCKPHFKJ@sOSR?$AA@ 000000018001abec     TransitiveKNN_part2.obj
 0002:00000bf8       ??_C@_07FLOLICAA@sErrors?$AA@ 000000018001abf8     TransitiveKNN_part2.obj
 0002:00000c00       ??_C@_0BC@PDFPGFMJ@eml_index_rdivide?$AA@ 000000018001ac00     TransitiveKNN_part2.obj
 0002:00000c20       ??_C@_0EO@JGFEAGIB@C?3?1Program?5Files?1MATLAB?1R2013b?1t@ 000000018001ac20     TransitiveKNN_part2.obj
 0002:00000c70       ??_C@_07ONPBMBOP@message?$AA@ 000000018001ac70     TransitiveKNN_part2.obj
 0002:00000c78       ??_C@_05KKCIMGE@error?$AA@ 000000018001ac78     TransitiveKNN_part2.obj
 0002:00000c80       ??_C@_05BOGOCLFF@uint8?$AA@ 000000018001ac80     TransitiveKNN_part2.obj
 0002:00000c88       ??_C@_06BNJCAIGJ@double?$AA@ 000000018001ac88     TransitiveKNN_part2.obj
 0002:00000c90       ??_C@_0BC@DHBLDLOI@Assertion?5failed?4?$AA@ 000000018001ac90     TransitiveKNN_part2.obj
 0002:00000ca4       ??_C@_01FHEEJDEE@A?$AA@    000000018001aca4     TransitiveKNN_part2.obj
 0002:00000ca8       ??_C@_01HMGJMAIH@B?$AA@    000000018001aca8     TransitiveKNN_part2.obj
 0002:00000cac       ??_C@_01DICPFPGM@k?$AA@    000000018001acac     TransitiveKNN_part2.obj
 0002:00000cb0       ??_C@_05IGKADHGO@width?$AA@ 000000018001acb0     TransitiveKNN_part2.obj
 0002:00000cb8       __real@3ff0000000000000    000000018001acb8     TransitiveKNN_part2.obj
 0002:00000cc0       ??_C@_0CC@IMHDKEMC@EMLRT?3runTime?3WrongNumberOfInput@ 000000018001acc0     TransitiveKNN_part2_mex.obj
 0002:00000ce8       ??_C@_0CF@OIONOIOI@EMLRT?3runTime?3TooManyOutputArgum@ 000000018001ace8     TransitiveKNN_part2_mex.obj
 0002:00000d10       ??_C@_07JKKCBBMM@context?$AA@ 000000018001ad10     _coder_TransitiveKNN_part2_info.obj
 0002:00000d20       ??_C@_0EI@POIJEJLO@?$FLE?$FNC?3?1Users?1admin?1Downloads?1CSH_@ 000000018001ad20     _coder_TransitiveKNN_part2_info.obj
 0002:00000d68       ??_C@_04MEMAJGDJ@name?$AA@ 000000018001ad68     _coder_TransitiveKNN_part2_info.obj
 0002:00000d70       ??_C@_0N@IGLAPNJK@dominantType?$AA@ 000000018001ad70     _coder_TransitiveKNN_part2_info.obj
 0002:00000d80       ??_C@_08CGJBBLIA@resolved?$AA@ 000000018001ad80     _coder_TransitiveKNN_part2_info.obj
 0002:00000d90       ??_C@_0DK@NFIMLCLG@?$FLILXE?$FN$matlabroot$?1toolbox?1eml?1l@ 000000018001ad90     _coder_TransitiveKNN_part2_info.obj
 0002:00000dd0       ??_C@_0L@CNGJMFIK@fileTimeLo?$AA@ 000000018001add0     _coder_TransitiveKNN_part2_info.obj
 0002:00000de0       ??_C@_0L@HMDKMKNA@fileTimeHi?$AA@ 000000018001ade0     _coder_TransitiveKNN_part2_info.obj
 0002:00000df0       ??_C@_0M@NFKFADI@mFileTimeLo?$AA@ 000000018001adf0     _coder_TransitiveKNN_part2_info.obj
 0002:00000e00       ??_C@_0M@FMAJFPGC@mFileTimeHi?$AA@ 000000018001ae00     _coder_TransitiveKNN_part2_info.obj
 0002:00000e0c       ??_C@_03FNFLPIFJ@rhs?$AA@  000000018001ae0c     _coder_TransitiveKNN_part2_info.obj
 0002:00000e10       ??_C@_03ONJNNIPF@lhs?$AA@  000000018001ae10     _coder_TransitiveKNN_part2_info.obj
 0002:00000e18       ??_C@_0BA@LGKKDMEL@eml_index_class?$AA@ 000000018001ae18     _coder_TransitiveKNN_part2_info.obj
 0002:00000e30       ??_C@_0EA@GLIAMHNI@?$FLILXE?$FN$matlabroot$?1toolbox?1eml?1l@ 000000018001ae30     _coder_TransitiveKNN_part2_info.obj
 0002:00000e70       ??_C@_0BD@FIDDOJNE@eml_ndims_varsized?$AA@ 000000018001ae70     _coder_TransitiveKNN_part2_info.obj
 0002:00000e90       ??_C@_0ED@JLDBPCMN@?$FLILXE?$FN$matlabroot$?1toolbox?1eml?1l@ 000000018001ae90     _coder_TransitiveKNN_part2_info.obj
 0002:00000ed8       ??_C@_0O@DGEIFEHG@eml_scalar_eg?$AA@ 000000018001aed8     _coder_TransitiveKNN_part2_info.obj
 0002:00000ee8       ??_C@_0DO@FIFFNPJ@?$FLILXE?$FN$matlabroot$?1toolbox?1eml?1l@ 000000018001aee8     _coder_TransitiveKNN_part2_info.obj
 0002:00000f30       ??_C@_0EP@LONMACPJ@?$FLILXE?$FN$matlabroot$?1toolbox?1eml?1l@ 000000018001af30     _coder_TransitiveKNN_part2_info.obj
 0002:00000f80       ??_C@_0HF@KHPAKDPE@?$FLILXE?$FN$matlabroot$?1toolbox?1eml?1l@ 000000018001af80     _coder_TransitiveKNN_part2_info.obj
 0002:00000ff8       ??_C@_06CFKOHMKF@intmax?$AA@ 000000018001aff8     _coder_TransitiveKNN_part2_info.obj
 0002:00001000       ??_C@_04ENMBGAPA@char?$AA@ 000000018001b000     _coder_TransitiveKNN_part2_info.obj
 0002:00001008       ??_C@_0DJ@PBLDDNNK@?$FLILXE?$FN$matlabroot$?1toolbox?1eml?1l@ 000000018001b008     _coder_TransitiveKNN_part2_info.obj
 0002:00001048       ??_C@_0P@DJHCLAEH@eml_index_plus?$AA@ 000000018001b048     _coder_TransitiveKNN_part2_info.obj
 0002:00001058       ??_C@_0DP@KEPDCHIB@?$FLILXE?$FN$matlabroot$?1toolbox?1eml?1l@ 000000018001b058     _coder_TransitiveKNN_part2_info.obj
 0002:00001098       ??_C@_0BA@BIKOLOKP@eml_index_minus?$AA@ 000000018001b098     _coder_TransitiveKNN_part2_info.obj
 0002:000010a8       ??_C@_0BI@MOBBIOAA@coder?4internal?4indexInt?$AA@ 000000018001b0a8     _coder_TransitiveKNN_part2_info.obj
 0002:000010c0       ??_C@_0EA@FCCELNDI@?$FLILXE?$FN$matlabroot$?1toolbox?1eml?1l@ 000000018001b0c0     _coder_TransitiveKNN_part2_info.obj
 0002:00001100       ??_C@_0DJ@PACDDDAF@?$FLILXE?$FN$matlabroot$?1toolbox?1eml?1l@ 000000018001b100     _coder_TransitiveKNN_part2_info.obj
 0002:00001140       ??_C@_0CA@GGIPMLJM@coder?4internal?4isBuiltInNumeric?$AA@ 000000018001b140     _coder_TransitiveKNN_part2_info.obj
 0002:00001160       ??_C@_0FB@CNDLNLEB@?$FLIXE?$FN$matlabroot$?1toolbox?1shared@ 000000018001b160     _coder_TransitiveKNN_part2_info.obj
 0002:000011b8       ??_C@_0DJ@HLEGHGJC@?$FLILXE?$FN$matlabroot$?1toolbox?1eml?1l@ 000000018001b1b8     _coder_TransitiveKNN_part2_info.obj
 0002:000011f8       ??_C@_0BF@IOBEHDOH@eml_nonsingleton_dim?$AA@ 000000018001b1f8     _coder_TransitiveKNN_part2_info.obj
 0002:00001210       ??_C@_0EF@DODHNDBH@?$FLILXE?$FN$matlabroot$?1toolbox?1eml?1l@ 000000018001b210     _coder_TransitiveKNN_part2_info.obj
 0002:00001260       ??_C@_0EF@MJHDOJL@?$FLILXE?$FN$matlabroot$?1toolbox?1eml?1l@ 000000018001b260     _coder_TransitiveKNN_part2_info.obj
 0002:000012a8       ??_C@_0BB@DKCPHGKF@eml_scalar_floor?$AA@ 000000018001b2a8     _coder_TransitiveKNN_part2_info.obj
 0002:000012c0       ??_C@_0ED@BIIMGNAK@?$FLILXE?$FN$matlabroot$?1toolbox?1eml?1l@ 000000018001b2c0     _coder_TransitiveKNN_part2_info.obj
 0002:00001310       ??_C@_0ED@JIBDCDEA@?$FLILXE?$FN$matlabroot$?1toolbox?1eml?1l@ 000000018001b310     _coder_TransitiveKNN_part2_info.obj
 0002:00001358       ??_C@_0BI@LDCJGPIC@coder?4internal?4prodsize?$AA@ 000000018001b358     _coder_TransitiveKNN_part2_info.obj
 0002:00001370       ??_C@_0EJ@HLMHKLKO@?$FLIXE?$FN$matlabroot$?1toolbox?1shared@ 000000018001b370     _coder_TransitiveKNN_part2_info.obj
 0002:000013bc       ??_C@_06PCBFLGP@mtimes?$AA@ 000000018001b3bc     _coder_TransitiveKNN_part2_info.obj
 0002:000013c8       ??_C@_0DH@LODENFNP@?$FLILXE?$FN$matlabroot$?1toolbox?1eml?1l@ 000000018001b3c8     _coder_TransitiveKNN_part2_info.obj
 0002:00001400       ??_C@_0EF@MHCOAOPO@?$FLILXE?$FN$matlabroot$?1toolbox?1eml?1l@ 000000018001b400     _coder_TransitiveKNN_part2_info.obj
 0002:00001448       ??_C@_0BA@DCOEOBGC@eml_index_times?$AA@ 000000018001b448     _coder_TransitiveKNN_part2_info.obj
 0002:00001460       ??_C@_0EA@NHKEHCBE@?$FLILXE?$FN$matlabroot$?1toolbox?1eml?1l@ 000000018001b460     _coder_TransitiveKNN_part2_info.obj
 0002:000014a0       ??_C@_0BC@KFDFJODE@eml_matrix_npages?$AA@ 000000018001b4a0     _coder_TransitiveKNN_part2_info.obj
 0002:000014c0       ??_C@_0EC@KCMPNKKM@?$FLILXE?$FN$matlabroot$?1toolbox?1eml?1l@ 000000018001b4c0     _coder_TransitiveKNN_part2_info.obj
 0002:00001508       ??_C@_0DN@NHPGMDIN@?$FLILXE?$FN$matlabroot$?1toolbox?1eml?1l@ 000000018001b508     _coder_TransitiveKNN_part2_info.obj
 0002:00001548       ??_C@_0DM@LCLNINF@?$FLILXE?$FN$matlabroot$?1toolbox?1eml?1l@ 000000018001b548     _coder_TransitiveKNN_part2_info.obj
 0002:00001590       ??_C@_0FC@LHGDBAGP@?$FLILXE?$FN$matlabroot$?1toolbox?1eml?1l@ 000000018001b590     _coder_TransitiveKNN_part2_info.obj
 0002:000015e8       ??_C@_09NODCPLED@eml_relop?$AA@ 000000018001b5e8     _coder_TransitiveKNN_part2_info.obj
 0002:000015f8       ??_C@_0BA@DMFOHEOD@function_handle?$AA@ 000000018001b5f8     _coder_TransitiveKNN_part2_info.obj
 0002:00001608       ??_C@_0DK@NBBBHAFE@?$FLILXE?$FN$matlabroot$?1toolbox?1eml?1l@ 000000018001b608     _coder_TransitiveKNN_part2_info.obj
 0002:00001644       ??_C@_05LGCGPNNP@isnan?$AA@ 000000018001b644     _coder_TransitiveKNN_part2_info.obj
 0002:00001650       ??_C@_0DI@NOGOOKFE@?$FLILXE?$FN$matlabroot$?1toolbox?1eml?1l@ 000000018001b650     _coder_TransitiveKNN_part2_info.obj
 0002:00001688       ??_C@_0DJ@OLHDNMAO@?$FLILXE?$FN$matlabroot$?1toolbox?1eml?1l@ 000000018001b688     _coder_TransitiveKNN_part2_info.obj
 0002:000016c8       ??_C@_0BL@CDOFOJKC@eml_const_nonsingleton_dim?$AA@ 000000018001b6c8     _coder_TransitiveKNN_part2_info.obj
 0002:000016f0       ??_C@_0EL@PHDBKCJB@?$FLILXE?$FN$matlabroot$?1toolbox?1eml?1l@ 000000018001b6f0     _coder_TransitiveKNN_part2_info.obj
 0002:00001740       ??_C@_0DI@JIPJFLJ@?$FLILXE?$FN$matlabroot$?1toolbox?1eml?1l@ 000000018001b740     _coder_TransitiveKNN_part2_info.obj
 0002:00001778       ??_C@_0DP@JHLGJKEB@?$FLILXE?$FN$matlabroot$?1toolbox?1eml?1l@ 000000018001b778     _coder_TransitiveKNN_part2_info.obj
 0002:000017c0       ??_C@_0FA@HLMNPFDP@?$FLILXE?$FN$matlabroot$?1toolbox?1eml?1l@ 000000018001b7c0     _coder_TransitiveKNN_part2_info.obj
 0002:00001810       ??_C@_0BC@JEELAMCJ@eml_scalexp_alloc?$AA@ 000000018001b810     _coder_TransitiveKNN_part2_info.obj
 0002:00001830       ??_C@_0EC@EDKCHFKG@?$FLILXE?$FN$matlabroot$?1toolbox?1eml?1l@ 000000018001b830     _coder_TransitiveKNN_part2_info.obj
 0002:00001880       ??_C@_0FH@BDMJPNAA@?$FLILXE?$FN$matlabroot$?1toolbox?1eml?1l@ 000000018001b880     _coder_TransitiveKNN_part2_info.obj
 0002:000018d8       ??_C@_07EIHKFOOB@logical?$AA@ 000000018001b8d8     _coder_TransitiveKNN_part2_info.obj
 0002:000018e0       ??_C@_0DH@COGCLMCI@?$FLILXE?$FN$matlabroot$?1toolbox?1eml?1l@ 000000018001b8e0     _coder_TransitiveKNN_part2_info.obj
 0002:00001920       ??_C@_0EA@MGDACNOI@?$FLILXE?$FN$matlabroot$?1toolbox?1eml?1l@ 000000018001b920     _coder_TransitiveKNN_part2_info.obj
 0002:00001960       ??_C@_06IJDLPEM@length?$AA@ 000000018001b960     _coder_TransitiveKNN_part2_info.obj
 0002:00001968       ??_C@_0DJ@HMGCMLEI@?$FLILXE?$FN$matlabroot$?1toolbox?1eml?1l@ 000000018001b968     _coder_TransitiveKNN_part2_info.obj
 0002:000019a8       ??_C@_0DK@KBCIGFF@?$FLILXE?$FN$matlabroot$?1toolbox?1eml?1l@ 000000018001b9a8     _coder_TransitiveKNN_part2_info.obj
 0002:000019f0       ??_C@_0EG@FOEMCAPI@?$FLILXE?$FN$matlabroot$?1toolbox?1eml?1l@ 000000018001b9f0     _coder_TransitiveKNN_part2_info.obj
 0002:00001a38       ??_C@_0DP@HKLBKEGP@?$FLILXE?$FN$matlabroot$?1toolbox?1eml?1l@ 000000018001ba38     _coder_TransitiveKNN_part2_info.obj
 0002:00001a80       ??_C@_0EF@OKDIIKFG@?$FLILXE?$FN$matlabroot$?1toolbox?1eml?1l@ 000000018001ba80     _coder_TransitiveKNN_part2_info.obj
 0002:00001ac8       ??_C@_0BN@EIMLBOBO@coder?4internal?4indexIntRelop?$AA@ 000000018001bac8     _coder_TransitiveKNN_part2_info.obj
 0002:00001af0       ??_C@_0EO@OCDIBMGI@?$FLIXE?$FN$matlabroot$?1toolbox?1shared@ 000000018001baf0     _coder_TransitiveKNN_part2_info.obj
 0002:00001b40       ??_C@_0HB@PKGEOBOK@?$FLIXE?$FN$matlabroot$?1toolbox?1shared@ 000000018001bb40     _coder_TransitiveKNN_part2_info.obj
 0002:00001bb8       ??_C@_0BA@PBHEJPIB@eml_float_model?$AA@ 000000018001bbb8     _coder_TransitiveKNN_part2_info.obj
 0002:00001bd0       ??_C@_0EA@BFEKENJA@?$FLILXE?$FN$matlabroot$?1toolbox?1eml?1l@ 000000018001bbd0     _coder_TransitiveKNN_part2_info.obj
 0002:00001c10       ??_C@_0GG@OHNAOPF@?$FLIXE?$FN$matlabroot$?1toolbox?1shared@ 000000018001bc10     _coder_TransitiveKNN_part2_info.obj
 0002:00001c78       ??_C@_06DHCFJIMK@intmin?$AA@ 000000018001bc78     _coder_TransitiveKNN_part2_info.obj
 0002:00001c80       ??_C@_0DJ@LELBHOFI@?$FLILXE?$FN$matlabroot$?1toolbox?1eml?1l@ 000000018001bc80     _coder_TransitiveKNN_part2_info.obj
 0002:00001cc0       ??_C@_0EC@CJLCDIKC@?$FLILXE?$FN$matlabroot$?1toolbox?1eml?1l@ 000000018001bcc0     _coder_TransitiveKNN_part2_info.obj
 0002:00001d08       ??_C@_0DK@EKFLOBEM@?$FLILXE?$FN$matlabroot$?1toolbox?1eml?1l@ 000000018001bd08     _coder_TransitiveKNN_part2_info.obj
 0002:00001d50       ??_C@_0ED@EFEEIKFH@?$FLILXE?$FN$matlabroot$?1toolbox?1eml?1l@ 000000018001bd50     _coder_TransitiveKNN_part2_info.obj
 0002:00001d98       ??_C@_0DE@MANODBDG@?$FLILXE?$FN$matlabroot$?1toolbox?1eml?1l@ 000000018001bd98     _coder_TransitiveKNN_part2_info.obj
 0002:00001dd0       ??_C@_0P@GKLNBMCJ@eml_all_or_any?$AA@ 000000018001bdd0     _coder_TransitiveKNN_part2_info.obj
 0002:00001de0       ??_C@_0DP@IAONNNKE@?$FLILXE?$FN$matlabroot$?1toolbox?1eml?1l@ 000000018001bde0     _coder_TransitiveKNN_part2_info.obj
 0002:00001e20       ??_C@_07MIMONDDE@isequal?$AA@ 000000018001be20     _coder_TransitiveKNN_part2_info.obj
 0002:00001e28       ??_C@_0DK@ENDCOJGF@?$FLILXE?$FN$matlabroot$?1toolbox?1eml?1l@ 000000018001be28     _coder_TransitiveKNN_part2_info.obj
 0002:00001e68       ??_C@_0BB@PACNMNAE@eml_isequal_core?$AA@ 000000018001be68     _coder_TransitiveKNN_part2_info.obj
 0002:00001e80       ??_C@_0EB@NCIHPOOF@?$FLILXE?$FN$matlabroot$?1toolbox?1eml?1l@ 000000018001be80     _coder_TransitiveKNN_part2_info.obj
 0002:00001ed0       ??_C@_0EF@PKNENILE@?$FLILXE?$FN$matlabroot$?1toolbox?1eml?1l@ 000000018001bed0     _coder_TransitiveKNN_part2_info.obj
 0002:00001f18       ??_C@_07NGFJPNPN@Version?$AA@ 000000018001bf18     _coder_TransitiveKNN_part2_info.obj
 0002:00001f20       ??_C@_0BC@PFKIGKIM@ResolvedFunctions?$AA@ 000000018001bf20     _coder_TransitiveKNN_part2_info.obj
 0002:00001f38       ??_C@_0M@HOOGCLMJ@EntryPoints?$AA@ 000000018001bf38     _coder_TransitiveKNN_part2_info.obj
 0002:00001f48       ??_C@_0N@HPEKDNOD@CoverageInfo?$AA@ 000000018001bf48     _coder_TransitiveKNN_part2_info.obj
 0002:00001f58       ??_C@_04FABLJDN@Name?$AA@  000000018001bf58     _coder_TransitiveKNN_part2_info.obj
 0002:00001f60       ??_C@_0P@DJPKAEOC@NumberOfInputs?$AA@ 000000018001bf60     _coder_TransitiveKNN_part2_info.obj
 0002:00001f70       ??_C@_0BA@HBLCOFA@NumberOfOutputs?$AA@ 000000018001bf70     _coder_TransitiveKNN_part2_info.obj
 0002:00001f80       ??_C@_0P@FDPDNMBC@ConstantInputs?$AA@ 000000018001bf80     _coder_TransitiveKNN_part2_info.obj
 0002:00001f90       ??_C@_0BD@OBCMJNNI@8?42?40?4701?5?$CIR2013b?$CJ?$AA@ 000000018001bf90     _coder_TransitiveKNN_part2_info.obj
 0002:00001fa8       __real@4008000000000000    000000018001bfa8     _coder_TransitiveKNN_part2_info.obj
 0002:00001fb0       __real@4018000000000000    000000018001bfb0     _coder_TransitiveKNN_part2_info.obj
 0002:00001fb8       _pDefaultRawDllMain        000000018001bfb8     MSVCRT:crtdll.obj
 0002:00001fb8       _pRawDllMain               000000018001bfb8     MSVCRT:crtdll.obj
 0002:00001fd0       _load_config_used          000000018001bfd0     MSVCRT:loadcfg.obj
 0002:00002040       __rtc_iaa                  000000018001c040     MSVCRT:initsect.obj
 0002:00002048       __rtc_izz                  000000018001c048     MSVCRT:initsect.obj
 0002:00002050       __rtc_taa                  000000018001c050     MSVCRT:initsect.obj
 0002:00002058       __rtc_tzz                  000000018001c058     MSVCRT:initsect.obj
 0002:0000236c       __IMPORT_DESCRIPTOR_libmx  000000018001c36c     libmx:libmx.dll
 0002:00002380       __IMPORT_DESCRIPTOR_libmex 000000018001c380     libmex:libmex.dll
 0002:00002394       __IMPORT_DESCRIPTOR_libemlrt 000000018001c394     libemlrt:libemlrt.dll
 0002:000023a8       __IMPORT_DESCRIPTOR_libmwmathutil 000000018001c3a8     libmwmathutil:libmwmathutil.dll
 0002:000023bc       __IMPORT_DESCRIPTOR_MSVCR110 000000018001c3bc     MSVCRT:MSVCR110.dll
 0002:000023d0       __IMPORT_DESCRIPTOR_KERNEL32 000000018001c3d0     kernel32:KERNEL32.dll
 0002:000023e4       __NULL_IMPORT_DESCRIPTOR   000000018001c3e4     libmx:libmx.dll
 0003:00000000       ab_emlrtRSI                000000018001d000     TransitiveKNN_part2.obj
 0003:00000018       bb_emlrtRSI                000000018001d018     TransitiveKNN_part2.obj
 0003:00000030       cb_emlrtRSI                000000018001d030     TransitiveKNN_part2.obj
 0003:00000048       db_emlrtRSI                000000018001d048     TransitiveKNN_part2.obj
 0003:00000060       cc_emlrtRSI                000000018001d060     TransitiveKNN_part2.obj
 0003:00000078       dc_emlrtRSI                000000018001d078     TransitiveKNN_part2.obj
 0003:00000090       jc_emlrtRSI                000000018001d090     TransitiveKNN_part2.obj
 0003:000000a8       kc_emlrtRSI                000000018001d0a8     TransitiveKNN_part2.obj
 0003:000000c0       lc_emlrtRSI                000000018001d0c0     TransitiveKNN_part2.obj
 0003:000000d8       bd_emlrtRSI                000000018001d0d8     TransitiveKNN_part2.obj
 0003:000000f0       ld_emlrtRSI                000000018001d0f0     TransitiveKNN_part2.obj
 0003:00000108       md_emlrtRSI                000000018001d108     TransitiveKNN_part2.obj
 0003:00000120       nd_emlrtRSI                000000018001d120     TransitiveKNN_part2.obj
 0003:00000138       od_emlrtRSI                000000018001d138     TransitiveKNN_part2.obj
 0003:00000150       c_emlrtMCI                 000000018001d150     TransitiveKNN_part2.obj
 0003:00000168       d_emlrtMCI                 000000018001d168     TransitiveKNN_part2.obj
 0003:00000180       g_emlrtMCI                 000000018001d180     TransitiveKNN_part2.obj
 0003:00000198       h_emlrtMCI                 000000018001d198     TransitiveKNN_part2.obj
 0003:000001b0       i_emlrtMCI                 000000018001d1b0     TransitiveKNN_part2.obj
 0003:000001c8       u_emlrtRTEI                000000018001d1c8     TransitiveKNN_part2.obj
 0003:00001180       emlrtContextGlobal         000000018001e180     TransitiveKNN_part2_mex.obj
 0003:000011c0       __security_cookie          000000018001e1c0     MSVCRT:gs_cookie.obj
 0003:000011c8       __security_cookie_complement 000000018001e1c8     MSVCRT:gs_cookie.obj
 0003:000011d0       _fltused                   000000018001e1d0     MSVCRT:dllsupp.obj
 0003:000011d4       __native_dllmain_reason    000000018001e1d4     MSVCRT:natstart.obj
 0003:000011e8       emlrtRootTLSGlobal         000000018001e1e8     TransitiveKNN_part2_mex.obj
 0003:00001778       ?__type_info_root_node@@3U__type_info_node@@A 000000018001e778     MSVCRT:tncleanup.obj
 0003:00001788       __native_startup_lock      000000018001e788     <common>
 0003:00001790       __native_startup_state     000000018001e790     <common>
 0003:00001798       __onexitend                000000018001e798     <common>
 0003:000017a0       __onexitbegin              000000018001e7a0     <common>
 0003:000017a8       __dyn_tls_init_callback    000000018001e7a8     <common>

 entry point at        0001:00018354

 Static symbols

 0001:00004950       c_emlrt_marshallIn         0000000180005950 f   TransitiveKNN_part2.obj
 0001:00004a00       check_forloop_overflow_error 0000000180005a00 f   TransitiveKNN_part2.obj
 0001:00004bf0       diff                       0000000180005bf0 f   TransitiveKNN_part2.obj
 0001:000050b0       eml_sort                   00000001800060b0 f   TransitiveKNN_part2.obj
 0001:00005650       eml_sort_idx               0000000180006650 f   TransitiveKNN_part2.obj
 0001:00005b90       emxEnsureCapacity          0000000180006b90 f   TransitiveKNN_part2.obj
 0001:00005c90       emxFree_int32_T            0000000180006c90 f   TransitiveKNN_part2.obj
 0001:00005c90       emxFree_real_T             0000000180006c90 f   TransitiveKNN_part2.obj
 0001:00005c90       emxFree_uint8_T            0000000180006c90 f   TransitiveKNN_part2.obj
 0001:00005c90       emxFree_boolean_T          0000000180006c90 f   TransitiveKNN_part2.obj
 0001:00005cd0       g_emlrt_marshallIn         0000000180006cd0 f   TransitiveKNN_part2.obj
 0001:00005de0       i_emlrt_marshallIn         0000000180006de0 f   TransitiveKNN_part2.obj
 0001:00005ed0       squeeze                    0000000180006ed0 f   TransitiveKNN_part2.obj
 0001:000060d0       TransitiveKNN_part2_mexFunction 00000001800070d0 f   TransitiveKNN_part2_mex.obj
 0001:00006270       b_emlrt_marshallOut        0000000180007270 f   _coder_TransitiveKNN_part2_info.obj
 0001:000062d0       b_info_helper              00000001800072d0 f   _coder_TransitiveKNN_part2_info.obj
 0001:0000dee0       info_helper                000000018000eee0 f   _coder_TransitiveKNN_part2_info.obj
 0001:00018070       $$000000                   0000000180019070     MSVCRT:amdsecgs.obj
 0001:000180a8       pre_c_init                 00000001800190a8 f   MSVCRT:crtdll.obj
 0001:00018394       __DllMainCRTStartup        0000000180019394 f   MSVCRT:crtdll.obj
 0001:00018980       __DllMainCRTStartup$filt$0 0000000180019980 f   MSVCRT:crtdll.obj
 0001:000189a5       __DllMainCRTStartup$fin$1  00000001800199a5 f   MSVCRT:crtdll.obj
 0001:000189c0       _IsNonwritableInCurrentImage$filt$0 00000001800199c0 f   MSVCRT:pesect.obj
 0001:000189e0       _onexit$fin$0              00000001800199e0 f   MSVCRT:atonexit.obj
 0002:000002c0       pcinit                     000000018001a2c0     MSVCRT:crtdll.obj
 0002:000002c8       pinit                      000000018001a2c8     MSVCRT:atonexit.obj
 0002:000002e0       ?iv6@?1??diff@@9@9         000000018001a2e0     TransitiveKNN_part2.obj
 0002:000002e8       ?cv7@?1??diff@@9@9         000000018001a2e8     TransitiveKNN_part2.obj
 0002:0000030c       ?iv11@?1??g_emlrt_marshallIn@@9@9 000000018001a30c     TransitiveKNN_part2.obj
 0002:00000310       ?iv7@?1??emlrt_marshallOut@@9@9 000000018001a310     TransitiveKNN_part2.obj
 0002:00000320       ?iv0@?1??TransitiveKNN_part2@@9@9 000000018001a320     TransitiveKNN_part2.obj
 0002:00000328       ?cv1@?1??TransitiveKNN_part2@@9@9 000000018001a328     TransitiveKNN_part2.obj
 0002:0000034c       ?iv2@?1??TransitiveKNN_part2@@9@9 000000018001a34c     TransitiveKNN_part2.obj
 0002:00000350       ?iv3@?1??TransitiveKNN_part2@@9@9 000000018001a350     TransitiveKNN_part2.obj
 0002:00000358       ?iv8@?1??b_emlrt_marshallOut@@9@9 000000018001a358     TransitiveKNN_part2.obj
 0002:00000360       ?iv9@?1??c_emlrt_marshallOut@@9@9 000000018001a360     TransitiveKNN_part2.obj
 0002:00000370       ?iv4@?1??check_forloop_overflow_error@@9@9 000000018001a370     TransitiveKNN_part2.obj
 0002:00000378       ?cv3@?1??check_forloop_overflow_error@@9@9 000000018001a378     TransitiveKNN_part2.obj
 0002:000003a0       ?iv5@?1??check_forloop_overflow_error@@9@9 000000018001a3a0     TransitiveKNN_part2.obj
 0002:000003a8       ?cv5@?1??check_forloop_overflow_error@@9@9 000000018001a3a8     TransitiveKNN_part2.obj
 0002:00001fc0       GS_ExceptionPointers       000000018001bfc0     MSVCRT:gs_report.obj
 0002:00002060       $unwind$TransitiveKNN_part2 000000018001c060     TransitiveKNN_part2.obj
 0002:00002098       $unwind$TransitiveKNN_part2_api 000000018001c098     TransitiveKNN_part2.obj
 0002:000020b8       $unwind$c_emlrt_marshallIn 000000018001c0b8     TransitiveKNN_part2.obj
 0002:000020c4       $unwind$check_forloop_overflow_error 000000018001c0c4     TransitiveKNN_part2.obj
 0002:000020e0       $unwind$diff               000000018001c0e0     TransitiveKNN_part2.obj
 0002:00002100       $chain$0$diff              000000018001c100     TransitiveKNN_part2.obj
 0002:00002114       $chain$1$diff              000000018001c114     TransitiveKNN_part2.obj
 0002:00002124       $chain$2$diff              000000018001c124     TransitiveKNN_part2.obj
 0002:00002138       $chain$3$diff              000000018001c138     TransitiveKNN_part2.obj
 0002:00002148       $unwind$eml_sort           000000018001c148     TransitiveKNN_part2.obj
 0002:00002160       $unwind$eml_sort_idx       000000018001c160     TransitiveKNN_part2.obj
 0002:00002170       $chain$3$eml_sort_idx      000000018001c170     TransitiveKNN_part2.obj
 0002:00002190       $chain$4$eml_sort_idx      000000018001c190     TransitiveKNN_part2.obj
 0002:000021a0       $unwind$emxEnsureCapacity  000000018001c1a0     TransitiveKNN_part2.obj
 0002:000021b8       $chain$0$emxEnsureCapacity 000000018001c1b8     TransitiveKNN_part2.obj
 0002:000021cc       $chain$1$emxEnsureCapacity 000000018001c1cc     TransitiveKNN_part2.obj
 0002:000021dc       $unwind$g_emlrt_marshallIn 000000018001c1dc     TransitiveKNN_part2.obj
 0002:000021f0       $unwind$i_emlrt_marshallIn 000000018001c1f0     TransitiveKNN_part2.obj
 0002:00002204       $unwind$squeeze            000000018001c204     TransitiveKNN_part2.obj
 0002:0000221c       $unwind$mexFunction        000000018001c21c     TransitiveKNN_part2_mex.obj
 0002:00002230       $unwind$TransitiveKNN_part2_mexFunction 000000018001c230     TransitiveKNN_part2_mex.obj
 0002:0000224c       $unwind$TransitiveKNN_part2_atexit_wrapper 000000018001c24c     TransitiveKNN_part2_mex.obj
 0002:00002254       $unwind$info_helper        000000018001c254     _coder_TransitiveKNN_part2_info.obj
 0002:00002264       $unwind$_RTC_Initialize    000000018001c264     _coder_TransitiveKNN_part2_info.obj
 0002:00002264       $unwind$TransitiveKNN_part2_initialize 000000018001c264     _coder_TransitiveKNN_part2_info.obj
 0002:00002264       $unwind$_RTC_Terminate     000000018001c264     _coder_TransitiveKNN_part2_info.obj
 0002:00002264       $unwind$b_emlrt_marshallOut 000000018001c264     _coder_TransitiveKNN_part2_info.obj
 0002:00002270       $unwind$b_info_helper      000000018001c270     _coder_TransitiveKNN_part2_info.obj
 0002:00002280       $unwind$emlrtMexFcnProperties 000000018001c280     _coder_TransitiveKNN_part2_info.obj
 0002:00002290       $xdatasym                  000000018001c290     MSVCRT:amdsecgs.obj
 0002:00002294       $unwind$_CRT_INIT          000000018001c294     MSVCRT:crtdll.obj
 0002:000022b0       $unwind$__DllMainCRTStartup 000000018001c2b0     MSVCRT:crtdll.obj
 0002:000022ec       $unwind$_DllMainCRTStartup 000000018001c2ec     MSVCRT:crtdll.obj
 0002:000022fc       $unwind$__report_gsfailure 000000018001c2fc     MSVCRT:gs_report.obj
 0002:00002304       $unwind$_IsNonwritableInCurrentImage 000000018001c304     MSVCRT:pesect.obj
 0002:00002328       $unwind$__DllMainCRTStartup$fin$1 000000018001c328     MSVCRT:pesect.obj
 0002:00002328       $unwind$_IsNonwritableInCurrentImage$filt$0 000000018001c328     MSVCRT:pesect.obj
 0002:00002328       $unwind$_onexit$fin$0      000000018001c328     MSVCRT:pesect.obj
 0002:00002328       $unwind$__DllMainCRTStartup$filt$0 000000018001c328     MSVCRT:pesect.obj
 0002:00002330       $unwind$DllMain            000000018001c330     MSVCRT:atonexit.obj
 0002:00002330       $unwind$atexit             000000018001c330     MSVCRT:atonexit.obj
 0002:00002330       $unwind$__GSHandlerCheck   000000018001c330     MSVCRT:atonexit.obj
 0002:00002330       $unwind$TransitiveKNN_part2_terminate 000000018001c330     MSVCRT:atonexit.obj
 0002:00002338       $unwind$_onexit            000000018001c338     MSVCRT:atonexit.obj
 0002:00002358       $unwind$emxFree_boolean_T  000000018001c358     MSVCRT:atonexit.obj
 0002:00002358       $unwind$__GSHandlerCheckCommon 000000018001c358     MSVCRT:atonexit.obj
 0002:00002358       $unwind$__raise_securityfailure 000000018001c358     MSVCRT:atonexit.obj
 0002:00002358       $unwind$__atonexitinit     000000018001c358     MSVCRT:atonexit.obj
 0002:00002358       $unwind$TransitiveKNN_part2_atexit 000000018001c358     MSVCRT:atonexit.obj
 0002:00002358       $unwind$emxFree_uint8_T    000000018001c358     MSVCRT:atonexit.obj
 0002:00002358       $unwind$emxFree_real_T     000000018001c358     MSVCRT:atonexit.obj
 0002:00002358       $unwind$emxFree_int32_T    000000018001c358     MSVCRT:atonexit.obj
 0002:00002358       $unwind$pre_c_init         000000018001c358     MSVCRT:atonexit.obj
 0002:00002360       $unwind$__security_init_cookie 000000018001c360     MSVCRT:gs_support.obj
 0002:0000279a       .idata$6                   000000018001c79a     libmx:libmx.dll
 0002:000027b0       .idata$6                   000000018001c7b0     libmex:libmex.dll
 0002:00002b8e       .idata$6                   000000018001cb8e     libemlrt:libemlrt.dll
 0002:00002bde       .idata$6                   000000018001cbde     libmwmathutil:libmwmathutil.dll
 0002:00002bfa       .idata$6                   000000018001cbfa     MSVCRT:MSVCR110.dll
 0002:00002dfe       .idata$6                   000000018001cdfe     kernel32:KERNEL32.dll
 0002:00002e10       .edata                     000000018001ce10     TransitiveKNN_part2_mex.exp
 0002:00002e38       rgpv                       000000018001ce38     TransitiveKNN_part2_mex.exp
 0002:00002e50       rgszName                   000000018001ce50     TransitiveKNN_part2_mex.exp
 0002:00002e68       rgwOrd                     000000018001ce68     TransitiveKNN_part2_mex.exp
 0002:00002e74       szName                     000000018001ce74     TransitiveKNN_part2_mex.exp
 0002:00002e93       $N00001                    000000018001ce93     TransitiveKNN_part2_mex.exp
 0002:00002ea7       $N00002                    000000018001cea7     TransitiveKNN_part2_mex.exp
 0002:00002ec2       $N00003                    000000018001cec2     TransitiveKNN_part2_mex.exp
 0002:00002ee1       $N00004                    000000018001cee1     TransitiveKNN_part2_mex.exp
 0002:00002eff       $N00005                    000000018001ceff     TransitiveKNN_part2_mex.exp
 0002:00002f15       $N00006                    000000018001cf15     TransitiveKNN_part2_mex.exp
 0003:000001e0       emlrtRSI                   000000018001d1e0     TransitiveKNN_part2.obj
 0003:000001f8       b_emlrtRSI                 000000018001d1f8     TransitiveKNN_part2.obj
 0003:00000210       c_emlrtRSI                 000000018001d210     TransitiveKNN_part2.obj
 0003:00000228       d_emlrtRSI                 000000018001d228     TransitiveKNN_part2.obj
 0003:00000240       e_emlrtRSI                 000000018001d240     TransitiveKNN_part2.obj
 0003:00000258       f_emlrtRSI                 000000018001d258     TransitiveKNN_part2.obj
 0003:00000270       g_emlrtRSI                 000000018001d270     TransitiveKNN_part2.obj
 0003:00000288       h_emlrtRSI                 000000018001d288     TransitiveKNN_part2.obj
 0003:000002a0       i_emlrtRSI                 000000018001d2a0     TransitiveKNN_part2.obj
 0003:000002b8       j_emlrtRSI                 000000018001d2b8     TransitiveKNN_part2.obj
 0003:000002d0       k_emlrtRSI                 000000018001d2d0     TransitiveKNN_part2.obj
 0003:000002e8       l_emlrtRSI                 000000018001d2e8     TransitiveKNN_part2.obj
 0003:00000300       m_emlrtRSI                 000000018001d300     TransitiveKNN_part2.obj
 0003:00000318       n_emlrtRSI                 000000018001d318     TransitiveKNN_part2.obj
 0003:00000330       o_emlrtRSI                 000000018001d330     TransitiveKNN_part2.obj
 0003:00000348       p_emlrtRSI                 000000018001d348     TransitiveKNN_part2.obj
 0003:00000360       q_emlrtRSI                 000000018001d360     TransitiveKNN_part2.obj
 0003:00000378       r_emlrtRSI                 000000018001d378     TransitiveKNN_part2.obj
 0003:00000390       s_emlrtRSI                 000000018001d390     TransitiveKNN_part2.obj
 0003:000003a8       t_emlrtRSI                 000000018001d3a8     TransitiveKNN_part2.obj
 0003:000003c0       u_emlrtRSI                 000000018001d3c0     TransitiveKNN_part2.obj
 0003:000003d8       v_emlrtRSI                 000000018001d3d8     TransitiveKNN_part2.obj
 0003:000003f0       w_emlrtRSI                 000000018001d3f0     TransitiveKNN_part2.obj
 0003:00000408       x_emlrtRSI                 000000018001d408     TransitiveKNN_part2.obj
 0003:00000420       y_emlrtRSI                 000000018001d420     TransitiveKNN_part2.obj
 0003:00000438       eb_emlrtRSI                000000018001d438     TransitiveKNN_part2.obj
 0003:00000450       fb_emlrtRSI                000000018001d450     TransitiveKNN_part2.obj
 0003:00000468       gb_emlrtRSI                000000018001d468     TransitiveKNN_part2.obj
 0003:00000480       hb_emlrtRSI                000000018001d480     TransitiveKNN_part2.obj
 0003:00000498       ib_emlrtRSI                000000018001d498     TransitiveKNN_part2.obj
 0003:000004b0       jb_emlrtRSI                000000018001d4b0     TransitiveKNN_part2.obj
 0003:000004c8       kb_emlrtRSI                000000018001d4c8     TransitiveKNN_part2.obj
 0003:000004e0       lb_emlrtRSI                000000018001d4e0     TransitiveKNN_part2.obj
 0003:000004f8       mb_emlrtRSI                000000018001d4f8     TransitiveKNN_part2.obj
 0003:00000510       nb_emlrtRSI                000000018001d510     TransitiveKNN_part2.obj
 0003:00000528       ob_emlrtRSI                000000018001d528     TransitiveKNN_part2.obj
 0003:00000540       pb_emlrtRSI                000000018001d540     TransitiveKNN_part2.obj
 0003:00000558       qb_emlrtRSI                000000018001d558     TransitiveKNN_part2.obj
 0003:00000570       rb_emlrtRSI                000000018001d570     TransitiveKNN_part2.obj
 0003:00000588       sb_emlrtRSI                000000018001d588     TransitiveKNN_part2.obj
 0003:000005a0       tb_emlrtRSI                000000018001d5a0     TransitiveKNN_part2.obj
 0003:000005b8       ub_emlrtRSI                000000018001d5b8     TransitiveKNN_part2.obj
 0003:000005d0       vb_emlrtRSI                000000018001d5d0     TransitiveKNN_part2.obj
 0003:000005e8       wb_emlrtRSI                000000018001d5e8     TransitiveKNN_part2.obj
 0003:00000600       xb_emlrtRSI                000000018001d600     TransitiveKNN_part2.obj
 0003:00000618       yb_emlrtRSI                000000018001d618     TransitiveKNN_part2.obj
 0003:00000630       ac_emlrtRSI                000000018001d630     TransitiveKNN_part2.obj
 0003:00000648       bc_emlrtRSI                000000018001d648     TransitiveKNN_part2.obj
 0003:00000660       ec_emlrtRSI                000000018001d660     TransitiveKNN_part2.obj
 0003:00000678       fc_emlrtRSI                000000018001d678     TransitiveKNN_part2.obj
 0003:00000690       gc_emlrtRSI                000000018001d690     TransitiveKNN_part2.obj
 0003:000006a8       hc_emlrtRSI                000000018001d6a8     TransitiveKNN_part2.obj
 0003:000006c0       ic_emlrtRSI                000000018001d6c0     TransitiveKNN_part2.obj
 0003:000006d8       mc_emlrtRSI                000000018001d6d8     TransitiveKNN_part2.obj
 0003:000006f0       nc_emlrtRSI                000000018001d6f0     TransitiveKNN_part2.obj
 0003:00000708       oc_emlrtRSI                000000018001d708     TransitiveKNN_part2.obj
 0003:00000720       pc_emlrtRSI                000000018001d720     TransitiveKNN_part2.obj
 0003:00000738       qc_emlrtRSI                000000018001d738     TransitiveKNN_part2.obj
 0003:00000750       rc_emlrtRSI                000000018001d750     TransitiveKNN_part2.obj
 0003:00000768       sc_emlrtRSI                000000018001d768     TransitiveKNN_part2.obj
 0003:00000780       tc_emlrtRSI                000000018001d780     TransitiveKNN_part2.obj
 0003:00000798       uc_emlrtRSI                000000018001d798     TransitiveKNN_part2.obj
 0003:000007b0       vc_emlrtRSI                000000018001d7b0     TransitiveKNN_part2.obj
 0003:000007c8       wc_emlrtRSI                000000018001d7c8     TransitiveKNN_part2.obj
 0003:000007e0       xc_emlrtRSI                000000018001d7e0     TransitiveKNN_part2.obj
 0003:000007f8       yc_emlrtRSI                000000018001d7f8     TransitiveKNN_part2.obj
 0003:00000810       ad_emlrtRSI                000000018001d810     TransitiveKNN_part2.obj
 0003:00000828       cd_emlrtRSI                000000018001d828     TransitiveKNN_part2.obj
 0003:00000840       dd_emlrtRSI                000000018001d840     TransitiveKNN_part2.obj
 0003:00000858       ed_emlrtRSI                000000018001d858     TransitiveKNN_part2.obj
 0003:00000870       fd_emlrtRSI                000000018001d870     TransitiveKNN_part2.obj
 0003:00000888       gd_emlrtRSI                000000018001d888     TransitiveKNN_part2.obj
 0003:000008a0       hd_emlrtRSI                000000018001d8a0     TransitiveKNN_part2.obj
 0003:000008b8       id_emlrtRSI                000000018001d8b8     TransitiveKNN_part2.obj
 0003:000008d0       jd_emlrtRSI                000000018001d8d0     TransitiveKNN_part2.obj
 0003:000008e8       kd_emlrtRSI                000000018001d8e8     TransitiveKNN_part2.obj
 0003:00000900       emlrtMCI                   000000018001d900     TransitiveKNN_part2.obj
 0003:00000918       b_emlrtMCI                 000000018001d918     TransitiveKNN_part2.obj
 0003:00000930       e_emlrtMCI                 000000018001d930     TransitiveKNN_part2.obj
 0003:00000948       f_emlrtMCI                 000000018001d948     TransitiveKNN_part2.obj
 0003:00000960       j_emlrtMCI                 000000018001d960     TransitiveKNN_part2.obj
 0003:00000978       k_emlrtMCI                 000000018001d978     TransitiveKNN_part2.obj
 0003:00000990       l_emlrtMCI                 000000018001d990     TransitiveKNN_part2.obj
 0003:000009a8       emlrtRTEI                  000000018001d9a8     TransitiveKNN_part2.obj
 0003:000009c0       b_emlrtRTEI                000000018001d9c0     TransitiveKNN_part2.obj
 0003:000009d8       c_emlrtRTEI                000000018001d9d8     TransitiveKNN_part2.obj
 0003:000009f0       d_emlrtRTEI                000000018001d9f0     TransitiveKNN_part2.obj
 0003:00000a08       e_emlrtRTEI                000000018001da08     TransitiveKNN_part2.obj
 0003:00000a20       f_emlrtRTEI                000000018001da20     TransitiveKNN_part2.obj
 0003:00000a38       g_emlrtRTEI                000000018001da38     TransitiveKNN_part2.obj
 0003:00000a50       h_emlrtRTEI                000000018001da50     TransitiveKNN_part2.obj
 0003:00000a68       i_emlrtRTEI                000000018001da68     TransitiveKNN_part2.obj
 0003:00000a80       j_emlrtRTEI                000000018001da80     TransitiveKNN_part2.obj
 0003:00000a98       k_emlrtRTEI                000000018001da98     TransitiveKNN_part2.obj
 0003:00000ab0       l_emlrtRTEI                000000018001dab0     TransitiveKNN_part2.obj
 0003:00000ac8       m_emlrtRTEI                000000018001dac8     TransitiveKNN_part2.obj
 0003:00000ae0       n_emlrtRTEI                000000018001dae0     TransitiveKNN_part2.obj
 0003:00000af8       o_emlrtRTEI                000000018001daf8     TransitiveKNN_part2.obj
 0003:00000b10       p_emlrtRTEI                000000018001db10     TransitiveKNN_part2.obj
 0003:00000b28       q_emlrtRTEI                000000018001db28     TransitiveKNN_part2.obj
 0003:00000b40       r_emlrtRTEI                000000018001db40     TransitiveKNN_part2.obj
 0003:00000b58       s_emlrtRTEI                000000018001db58     TransitiveKNN_part2.obj
 0003:00000b70       t_emlrtRTEI                000000018001db70     TransitiveKNN_part2.obj
 0003:00000b88       v_emlrtRTEI                000000018001db88     TransitiveKNN_part2.obj
 0003:00000ba0       w_emlrtRTEI                000000018001dba0     TransitiveKNN_part2.obj
 0003:00000bb8       x_emlrtRTEI                000000018001dbb8     TransitiveKNN_part2.obj
 0003:00000bd0       y_emlrtRTEI                000000018001dbd0     TransitiveKNN_part2.obj
 0003:00000be8       emlrtBCI                   000000018001dbe8     TransitiveKNN_part2.obj
 0003:00000c18       b_emlrtBCI                 000000018001dc18     TransitiveKNN_part2.obj
 0003:00000c48       c_emlrtBCI                 000000018001dc48     TransitiveKNN_part2.obj
 0003:00000c78       d_emlrtBCI                 000000018001dc78     TransitiveKNN_part2.obj
 0003:00000ca8       e_emlrtBCI                 000000018001dca8     TransitiveKNN_part2.obj
 0003:00000cd8       emlrtECI                   000000018001dcd8     TransitiveKNN_part2.obj
 0003:00000cf8       f_emlrtBCI                 000000018001dcf8     TransitiveKNN_part2.obj
 0003:00000d28       b_emlrtECI                 000000018001dd28     TransitiveKNN_part2.obj
 0003:00000d48       g_emlrtBCI                 000000018001dd48     TransitiveKNN_part2.obj
 0003:00000d78       h_emlrtBCI                 000000018001dd78     TransitiveKNN_part2.obj
 0003:00000da8       i_emlrtBCI                 000000018001dda8     TransitiveKNN_part2.obj
 0003:00000dd8       c_emlrtECI                 000000018001ddd8     TransitiveKNN_part2.obj
 0003:00000df8       j_emlrtBCI                 000000018001ddf8     TransitiveKNN_part2.obj
 0003:00000e28       k_emlrtBCI                 000000018001de28     TransitiveKNN_part2.obj
 0003:00000e58       d_emlrtECI                 000000018001de58     TransitiveKNN_part2.obj
 0003:00000e78       l_emlrtBCI                 000000018001de78     TransitiveKNN_part2.obj
 0003:00000ea8       m_emlrtBCI                 000000018001dea8     TransitiveKNN_part2.obj
 0003:00000ed8       e_emlrtECI                 000000018001ded8     TransitiveKNN_part2.obj
 0003:00000ef8       emlrtDCI                   000000018001def8     TransitiveKNN_part2.obj
 0003:00000f18       b_emlrtDCI                 000000018001df18     TransitiveKNN_part2.obj
 0003:00000f38       c_emlrtDCI                 000000018001df38     TransitiveKNN_part2.obj
 0003:00000f58       d_emlrtDCI                 000000018001df58     TransitiveKNN_part2.obj
 0003:00000f78       e_emlrtDCI                 000000018001df78     TransitiveKNN_part2.obj
 0003:00000f98       f_emlrtDCI                 000000018001df98     TransitiveKNN_part2.obj
 0003:00000fb8       n_emlrtBCI                 000000018001dfb8     TransitiveKNN_part2.obj
 0003:00000fe8       o_emlrtBCI                 000000018001dfe8     TransitiveKNN_part2.obj
 0003:00001018       p_emlrtBCI                 000000018001e018     TransitiveKNN_part2.obj
 0003:00001048       q_emlrtBCI                 000000018001e048     TransitiveKNN_part2.obj
 0003:00001078       r_emlrtBCI                 000000018001e078     TransitiveKNN_part2.obj
 0003:000010a8       s_emlrtBCI                 000000018001e0a8     TransitiveKNN_part2.obj
 0003:000010d8       pd_emlrtRSI                000000018001e0d8     TransitiveKNN_part2.obj
 0003:000010f0       qd_emlrtRSI                000000018001e0f0     TransitiveKNN_part2.obj
 0003:00001108       rd_emlrtRSI                000000018001e108     TransitiveKNN_part2.obj
 0003:00001120       sd_emlrtRSI                000000018001e120     TransitiveKNN_part2.obj
 0003:00001138       td_emlrtRSI                000000018001e138     TransitiveKNN_part2.obj
 0003:00001150       ud_emlrtRSI                000000018001e150     TransitiveKNN_part2.obj
 0003:00001168       vd_emlrtRSI                000000018001e168     TransitiveKNN_part2.obj
 0003:000011e0       emlrtBreakCheckR2012bFlagVar 000000018001e1e0     TransitiveKNN_part2.obj
 0003:000011f0       __proc_attached            000000018001e1f0     MSVCRT:crtdll.obj
 0003:00001200       GS_ExceptionRecord         000000018001e200     MSVCRT:gs_report.obj
 0003:000012a0       GS_ContextRecord           000000018001e2a0     MSVCRT:gs_report.obj
 0003:00001770       DebuggerWasPresent         000000018001e770     MSVCRT:gs_report.obj
 0004:00000000       $pdata$TransitiveKNN_part2 000000018001f000     TransitiveKNN_part2.obj
 0004:0000000c       $pdata$TransitiveKNN_part2_api 000000018001f00c     TransitiveKNN_part2.obj
 0004:00000018       $pdata$TransitiveKNN_part2_atexit 000000018001f018     TransitiveKNN_part2.obj
 0004:00000024       $pdata$TransitiveKNN_part2_initialize 000000018001f024     TransitiveKNN_part2.obj
 0004:00000030       $pdata$TransitiveKNN_part2_terminate 000000018001f030     TransitiveKNN_part2.obj
 0004:0000003c       $pdata$c_emlrt_marshallIn  000000018001f03c     TransitiveKNN_part2.obj
 0004:00000048       $pdata$check_forloop_overflow_error 000000018001f048     TransitiveKNN_part2.obj
 0004:00000054       $pdata$diff                000000018001f054     TransitiveKNN_part2.obj
 0004:00000060       $pdata$0$diff              000000018001f060     TransitiveKNN_part2.obj
 0004:0000006c       $pdata$1$diff              000000018001f06c     TransitiveKNN_part2.obj
 0004:00000078       $pdata$2$diff              000000018001f078     TransitiveKNN_part2.obj
 0004:00000084       $pdata$3$diff              000000018001f084     TransitiveKNN_part2.obj
 0004:00000090       $pdata$eml_sort            000000018001f090     TransitiveKNN_part2.obj
 0004:0000009c       $pdata$eml_sort_idx        000000018001f09c     TransitiveKNN_part2.obj
 0004:000000a8       $pdata$3$eml_sort_idx      000000018001f0a8     TransitiveKNN_part2.obj
 0004:000000b4       $pdata$4$eml_sort_idx      000000018001f0b4     TransitiveKNN_part2.obj
 0004:000000c0       $pdata$emxEnsureCapacity   000000018001f0c0     TransitiveKNN_part2.obj
 0004:000000cc       $pdata$0$emxEnsureCapacity 000000018001f0cc     TransitiveKNN_part2.obj
 0004:000000d8       $pdata$1$emxEnsureCapacity 000000018001f0d8     TransitiveKNN_part2.obj
 0004:000000e4       $pdata$emxFree_boolean_T   000000018001f0e4     TransitiveKNN_part2.obj
 0004:000000e4       $pdata$emxFree_uint8_T     000000018001f0e4     TransitiveKNN_part2.obj
 0004:000000e4       $pdata$emxFree_int32_T     000000018001f0e4     TransitiveKNN_part2.obj
 0004:000000e4       $pdata$emxFree_real_T      000000018001f0e4     TransitiveKNN_part2.obj
 0004:000000f0       $pdata$g_emlrt_marshallIn  000000018001f0f0     TransitiveKNN_part2.obj
 0004:000000fc       $pdata$i_emlrt_marshallIn  000000018001f0fc     TransitiveKNN_part2.obj
 0004:00000108       $pdata$squeeze             000000018001f108     TransitiveKNN_part2.obj
 0004:00000114       $pdata$TransitiveKNN_part2_atexit_wrapper 000000018001f114     TransitiveKNN_part2_mex.obj
 0004:00000120       $pdata$TransitiveKNN_part2_mexFunction 000000018001f120     TransitiveKNN_part2_mex.obj
 0004:0000012c       $pdata$mexFunction         000000018001f12c     TransitiveKNN_part2_mex.obj
 0004:00000138       $pdata$b_emlrt_marshallOut 000000018001f138     _coder_TransitiveKNN_part2_info.obj
 0004:00000144       $pdata$b_info_helper       000000018001f144     _coder_TransitiveKNN_part2_info.obj
 0004:00000150       $pdata$emlrtMexFcnProperties 000000018001f150     _coder_TransitiveKNN_part2_info.obj
 0004:0000015c       $pdata$info_helper         000000018001f15c     _coder_TransitiveKNN_part2_info.obj
 0004:00000168       $pdata$__GSHandlerCheck    000000018001f168     MSVCRT:gshandler.obj
 0004:00000174       $pdata$__GSHandlerCheckCommon 000000018001f174     MSVCRT:gshandler.obj
 0004:0000018c       $pdata$pre_c_init          000000018001f18c     MSVCRT:crtdll.obj
 0004:00000198       $pdata$_CRT_INIT           000000018001f198     MSVCRT:crtdll.obj
 0004:000001a4       $pdata$_DllMainCRTStartup  000000018001f1a4     MSVCRT:crtdll.obj
 0004:000001b0       $pdata$__DllMainCRTStartup 000000018001f1b0     MSVCRT:crtdll.obj
 0004:000001bc       $pdata$__raise_securityfailure 000000018001f1bc     MSVCRT:gs_report.obj
 0004:000001c8       $pdata$__report_gsfailure  000000018001f1c8     MSVCRT:gs_report.obj
 0004:000001d4       $pdata$_IsNonwritableInCurrentImage 000000018001f1d4     MSVCRT:pesect.obj
 0004:000001e0       $pdata$__atonexitinit      000000018001f1e0     MSVCRT:atonexit.obj
 0004:000001ec       $pdata$_onexit             000000018001f1ec     MSVCRT:atonexit.obj
 0004:000001f8       $pdata$atexit              000000018001f1f8     MSVCRT:atonexit.obj
 0004:00000204       $pdata$__security_init_cookie 000000018001f204     MSVCRT:gs_support.obj
 0004:00000210       $pdata$DllMain             000000018001f210     MSVCRT:dllmain.obj
 0004:0000021c       $pdata$_RTC_Initialize     000000018001f21c     MSVCRT:initsect.obj
 0004:00000228       $pdata$_RTC_Terminate      000000018001f228     MSVCRT:initsect.obj
 0004:00000234       $pdata$__DllMainCRTStartup$filt$0 000000018001f234     MSVCRT:crtdll.obj
 0004:00000240       $pdata$__DllMainCRTStartup$fin$1 000000018001f240     MSVCRT:crtdll.obj
 0004:0000024c       $pdata$_IsNonwritableInCurrentImage$filt$0 000000018001f24c     MSVCRT:pesect.obj
 0004:00000258       $pdata$_onexit$fin$0       000000018001f258     MSVCRT:atonexit.obj
